// Jest Snapshot v1, https://goo.gl/fbAQLP

exports[`components/DataAgreggate matches the snapshot of the component 1`] = `
<g>
  <circle
    cx={480}
    cy={60}
  />
  <circle
    cx={68}
    cy={334}
  />
</g>
`;

exports[`components/DataAgreggate verifies there are no children when no data is passed 1`] = `null`;
